// Jest Snapshot v1, https://goo.gl/fbAQLP

exports[`<Login /> render() renders the component 1`] = `
<div
  className="row"
>
  <div
    className="col-sm-9 col-md-7 col-lg-5 mx-auto"
  >
    <div
      className="card card-signin my-5"
    >
      <div
        className="card-body"
      >
        <h5
          className="card-title text-center"
        >
          Sign In
        </h5>
        <form
          className="form-signin"
        >
          <div
            className="form-label-group"
          >
            <input
              autoFocus={true}
              className="form-control"
              id="inputEmail"
              placeholder="Email address"
              required={true}
              type="email"
            />
            <label
              htmlFor="inputEmail"
            >
              Email address
            </label>
          </div>
          <div
            className="form-label-group"
          >
            <input
              className="form-control"
              id="inputPassword"
              placeholder="Password"
              required={true}
              type="password"
            />
            <label
              htmlFor="inputPassword"
            >
              Password
            </label>
          </div>
          <div
            className="custom-control custom-checkbox mb-3"
          >
            <input
              className="custom-control-input"
              id="customCheck1"
              type="checkbox"
            />
            <label
              className="custom-control-label"
              htmlFor="customCheck1"
            >
              Remember password
            </label>
          </div>
          <button
            className="btn btn-lg btn-primary btn-block text-uppercase"
            type="submit"
          >
            Sign in
          </button>
          <hr
            className="my-4"
          />
        </form>
      </div>
    </div>
  </div>
</div>
`;
